[0.061s] DEBUG:colcon:Command line arguments: ['/usr/bin/colcon', 'build', '--cmake-args', '-DROS_EDITION=ROS2', '-DDISTRO_ROS=humble']
[0.061s] DEBUG:colcon:Parsed command line arguments: Namespace(log_base=None, log_level=None, verb_name='build', build_base='build', install_base='install', merge_install=False, symlink_install=False, test_result_base=None, continue_on_error=False, executor='parallel', parallel_workers=12, event_handlers=None, ignore_user_meta=False, metas=['./colcon.meta'], base_paths=['.'], packages_ignore=None, packages_ignore_regex=None, paths=None, packages_up_to=None, packages_up_to_regex=None, packages_above=None, packages_above_and_dependencies=None, packages_above_depth=None, packages_select_by_dep=None, packages_skip_by_dep=None, packages_skip_up_to=None, packages_select_build_failed=False, packages_skip_build_finished=False, packages_select_test_failures=False, packages_skip_test_passed=False, packages_select=None, packages_skip=None, packages_select_regex=None, packages_skip_regex=None, packages_start=None, packages_end=None, allow_overriding=[], cmake_args=['-DROS_EDITION=ROS2', '-DDISTRO_ROS=humble'], cmake_target=None, cmake_target_skip_unavailable=False, cmake_clean_cache=False, cmake_clean_first=False, cmake_force_configure=False, ament_cmake_args=None, catkin_cmake_args=None, catkin_skip_building_tests=False, verb_parser=<colcon_defaults.argument_parser.defaults.DefaultArgumentsDecorator object at 0x778cfb8371c0>, verb_extension=<colcon_core.verb.build.BuildVerb object at 0x778cfb836d70>, main=<bound method BuildVerb.main of <colcon_core.verb.build.BuildVerb object at 0x778cfb836d70>>)
[0.141s] Level 1:colcon.colcon_core.package_discovery:discover_packages(colcon_meta) check parameters
[0.141s] Level 1:colcon.colcon_core.package_discovery:discover_packages(recursive) check parameters
[0.141s] Level 1:colcon.colcon_core.package_discovery:discover_packages(ignore) check parameters
[0.141s] Level 1:colcon.colcon_core.package_discovery:discover_packages(path) check parameters
[0.141s] Level 1:colcon.colcon_core.package_discovery:discover_packages(colcon_meta) discover
[0.141s] Level 1:colcon.colcon_core.package_discovery:discover_packages(recursive) discover
[0.141s] INFO:colcon.colcon_core.package_discovery:Crawling recursively for packages in '/home/gengruiliu/livox_ros_driver2'
[0.142s] Level 1:colcon.colcon_core.package_identification:_identify(.) by extensions ['ignore', 'ignore_ament_install']
[0.142s] Level 1:colcon.colcon_core.package_identification:_identify(.) by extension 'ignore'
[0.142s] Level 1:colcon.colcon_core.package_identification:_identify(.) by extension 'ignore_ament_install'
[0.142s] Level 1:colcon.colcon_core.package_identification:_identify(.) by extensions ['colcon_pkg']
[0.142s] Level 1:colcon.colcon_core.package_identification:_identify(.) by extension 'colcon_pkg'
[0.142s] Level 1:colcon.colcon_core.package_identification:_identify(.) by extensions ['colcon_meta']
[0.142s] Level 1:colcon.colcon_core.package_identification:_identify(.) by extension 'colcon_meta'
[0.142s] Level 1:colcon.colcon_core.package_identification:_identify(.) by extensions ['ros']
[0.142s] Level 1:colcon.colcon_core.package_identification:_identify(.) by extension 'ros'
[0.150s] DEBUG:colcon.colcon_core.package_identification:Package '.' with type 'ros.ament_cmake' and name 'livox_ros_driver2'
[0.150s] Level 1:colcon.colcon_core.package_discovery:discover_packages(recursive) using defaults
[0.150s] Level 1:colcon.colcon_core.package_discovery:discover_packages(ignore) discover
[0.150s] Level 1:colcon.colcon_core.package_discovery:discover_packages(ignore) using defaults
[0.150s] Level 1:colcon.colcon_core.package_discovery:discover_packages(path) discover
[0.151s] Level 1:colcon.colcon_core.package_discovery:discover_packages(path) using defaults
[0.162s] Level 1:colcon.colcon_core.package_discovery:discover_packages(prefix_path) check parameters
[0.162s] Level 1:colcon.colcon_core.package_discovery:discover_packages(prefix_path) discover
[0.164s] DEBUG:colcon.colcon_installed_package_information.package_discovery:Found 278 installed packages in /opt/ros/humble
[0.173s] Level 1:colcon.colcon_core.package_discovery:discover_packages(prefix_path) using defaults
[0.194s] Level 5:colcon.colcon_core.verb:set package 'livox_ros_driver2' build argument 'cmake_args' from command line to '['-DROS_EDITION=ROS2', '-DDISTRO_ROS=humble']'
[0.194s] Level 5:colcon.colcon_core.verb:set package 'livox_ros_driver2' build argument 'cmake_target' from command line to 'None'
[0.194s] Level 5:colcon.colcon_core.verb:set package 'livox_ros_driver2' build argument 'cmake_target_skip_unavailable' from command line to 'False'
[0.194s] Level 5:colcon.colcon_core.verb:set package 'livox_ros_driver2' build argument 'cmake_clean_cache' from command line to 'False'
[0.194s] Level 5:colcon.colcon_core.verb:set package 'livox_ros_driver2' build argument 'cmake_clean_first' from command line to 'False'
[0.194s] Level 5:colcon.colcon_core.verb:set package 'livox_ros_driver2' build argument 'cmake_force_configure' from command line to 'False'
[0.194s] Level 5:colcon.colcon_core.verb:set package 'livox_ros_driver2' build argument 'ament_cmake_args' from command line to 'None'
[0.194s] Level 5:colcon.colcon_core.verb:set package 'livox_ros_driver2' build argument 'catkin_cmake_args' from command line to 'None'
[0.194s] Level 5:colcon.colcon_core.verb:set package 'livox_ros_driver2' build argument 'catkin_skip_building_tests' from command line to 'False'
[0.194s] DEBUG:colcon.colcon_core.verb:Building package 'livox_ros_driver2' with the following arguments: {'ament_cmake_args': None, 'build_base': '/home/gengruiliu/livox_ros_driver2/build/livox_ros_driver2', 'catkin_cmake_args': None, 'catkin_skip_building_tests': False, 'cmake_args': ['-DROS_EDITION=ROS2', '-DDISTRO_ROS=humble'], 'cmake_clean_cache': False, 'cmake_clean_first': False, 'cmake_force_configure': False, 'cmake_target': None, 'cmake_target_skip_unavailable': False, 'install_base': '/home/gengruiliu/livox_ros_driver2/install/livox_ros_driver2', 'merge_install': False, 'path': '/home/gengruiliu/livox_ros_driver2', 'symlink_install': False, 'test_result_base': None}
[0.194s] INFO:colcon.colcon_core.executor:Executing jobs using 'parallel' executor
[0.195s] DEBUG:colcon.colcon_parallel_executor.executor.parallel:run_until_complete
[0.195s] INFO:colcon.colcon_ros.task.ament_cmake.build:Building ROS package in '/home/gengruiliu/livox_ros_driver2' with build type 'ament_cmake'
[0.195s] INFO:colcon.colcon_cmake.task.cmake.build:Building CMake package in '/home/gengruiliu/livox_ros_driver2'
[0.196s] INFO:colcon.colcon_core.plugin_system:Skipping extension 'colcon_core.shell.bat': Not used on non-Windows systems
[0.196s] INFO:colcon.colcon_core.shell:Skip shell extension 'powershell' for command environment: Not usable outside of PowerShell
[0.196s] DEBUG:colcon.colcon_core.shell:Skip shell extension 'dsv' for command environment
[0.203s] DEBUG:colcon.colcon_core.event_handler.log_command:Invoking command in '/home/gengruiliu/livox_ros_driver2/build/livox_ros_driver2': CMAKE_PREFIX_PATH=/opt/ros/humble /usr/local/bin/cmake /home/gengruiliu/livox_ros_driver2 -DROS_EDITION=ROS2 -DDISTRO_ROS=humble -DCMAKE_INSTALL_PREFIX=/home/gengruiliu/livox_ros_driver2/install/livox_ros_driver2
[8.635s] DEBUG:colcon.colcon_core.event_handler.log_command:Invoked command in '/home/gengruiliu/livox_ros_driver2/build/livox_ros_driver2' returned '0': CMAKE_PREFIX_PATH=/opt/ros/humble /usr/local/bin/cmake /home/gengruiliu/livox_ros_driver2 -DROS_EDITION=ROS2 -DDISTRO_ROS=humble -DCMAKE_INSTALL_PREFIX=/home/gengruiliu/livox_ros_driver2/install/livox_ros_driver2
[8.636s] DEBUG:colcon.colcon_core.event_handler.log_command:Invoking command in '/home/gengruiliu/livox_ros_driver2/build/livox_ros_driver2': CMAKE_PREFIX_PATH=/opt/ros/humble /usr/local/bin/cmake --build /home/gengruiliu/livox_ros_driver2/build/livox_ros_driver2 -- -j12 -l12
[17.311s] DEBUG:colcon.colcon_core.event_handler.log_command:Invoked command in '/home/gengruiliu/livox_ros_driver2/build/livox_ros_driver2' returned '0': CMAKE_PREFIX_PATH=/opt/ros/humble /usr/local/bin/cmake --build /home/gengruiliu/livox_ros_driver2/build/livox_ros_driver2 -- -j12 -l12
[17.318s] DEBUG:colcon.colcon_core.event_handler.log_command:Invoking command in '/home/gengruiliu/livox_ros_driver2/build/livox_ros_driver2': CMAKE_PREFIX_PATH=/opt/ros/humble /usr/local/bin/cmake --install /home/gengruiliu/livox_ros_driver2/build/livox_ros_driver2
[17.387s] Level 1:colcon.colcon_core.environment:create_environment_scripts_only(livox_ros_driver2)
[17.387s] DEBUG:colcon.colcon_core.event_handler.log_command:Invoked command in '/home/gengruiliu/livox_ros_driver2/build/livox_ros_driver2' returned '0': CMAKE_PREFIX_PATH=/opt/ros/humble /usr/local/bin/cmake --install /home/gengruiliu/livox_ros_driver2/build/livox_ros_driver2
[17.389s] Level 1:colcon.colcon_core.environment:checking '/home/gengruiliu/livox_ros_driver2/install/livox_ros_driver2' for CMake module files
[17.389s] Level 1:colcon.colcon_core.environment:checking '/home/gengruiliu/livox_ros_driver2/install/livox_ros_driver2' for CMake config files
[17.389s] Level 1:colcon.colcon_core.shell:create_environment_hook('livox_ros_driver2', 'cmake_prefix_path')
[17.389s] INFO:colcon.colcon_core.shell:Creating environment hook '/home/gengruiliu/livox_ros_driver2/install/livox_ros_driver2/share/livox_ros_driver2/hook/cmake_prefix_path.ps1'
[17.390s] INFO:colcon.colcon_core.shell:Creating environment descriptor '/home/gengruiliu/livox_ros_driver2/install/livox_ros_driver2/share/livox_ros_driver2/hook/cmake_prefix_path.dsv'
[17.390s] INFO:colcon.colcon_core.shell:Creating environment hook '/home/gengruiliu/livox_ros_driver2/install/livox_ros_driver2/share/livox_ros_driver2/hook/cmake_prefix_path.sh'
[17.391s] Level 1:colcon.colcon_core.environment:checking '/home/gengruiliu/livox_ros_driver2/install/livox_ros_driver2/lib'
[17.391s] Level 1:colcon.colcon_core.shell:create_environment_hook('livox_ros_driver2', 'ld_library_path_lib')
[17.391s] INFO:colcon.colcon_core.shell:Creating environment hook '/home/gengruiliu/livox_ros_driver2/install/livox_ros_driver2/share/livox_ros_driver2/hook/ld_library_path_lib.ps1'
[17.391s] INFO:colcon.colcon_core.shell:Creating environment descriptor '/home/gengruiliu/livox_ros_driver2/install/livox_ros_driver2/share/livox_ros_driver2/hook/ld_library_path_lib.dsv'
[17.391s] INFO:colcon.colcon_core.shell:Creating environment hook '/home/gengruiliu/livox_ros_driver2/install/livox_ros_driver2/share/livox_ros_driver2/hook/ld_library_path_lib.sh'
[17.391s] Level 1:colcon.colcon_core.environment:checking '/home/gengruiliu/livox_ros_driver2/install/livox_ros_driver2/bin'
[17.391s] Level 1:colcon.colcon_core.environment:checking '/home/gengruiliu/livox_ros_driver2/install/livox_ros_driver2/lib/pkgconfig/livox_ros_driver2.pc'
[17.392s] Level 1:colcon.colcon_core.environment:checking '/home/gengruiliu/livox_ros_driver2/install/livox_ros_driver2/lib/python3.10/site-packages'
[17.392s] Level 1:colcon.colcon_core.environment:checking '/home/gengruiliu/livox_ros_driver2/install/livox_ros_driver2/bin'
[17.392s] INFO:colcon.colcon_core.shell:Creating package script '/home/gengruiliu/livox_ros_driver2/install/livox_ros_driver2/share/livox_ros_driver2/package.ps1'
[17.393s] INFO:colcon.colcon_core.shell:Creating package descriptor '/home/gengruiliu/livox_ros_driver2/install/livox_ros_driver2/share/livox_ros_driver2/package.dsv'
[17.393s] INFO:colcon.colcon_core.shell:Creating package script '/home/gengruiliu/livox_ros_driver2/install/livox_ros_driver2/share/livox_ros_driver2/package.sh'
[17.394s] INFO:colcon.colcon_core.shell:Creating package script '/home/gengruiliu/livox_ros_driver2/install/livox_ros_driver2/share/livox_ros_driver2/package.bash'
[17.394s] INFO:colcon.colcon_core.shell:Creating package script '/home/gengruiliu/livox_ros_driver2/install/livox_ros_driver2/share/livox_ros_driver2/package.zsh'
[17.395s] Level 1:colcon.colcon_core.environment:create_file_with_runtime_dependencies(/home/gengruiliu/livox_ros_driver2/install/livox_ros_driver2/share/colcon-core/packages/livox_ros_driver2)
[17.395s] Level 1:colcon.colcon_core.environment:create_environment_scripts_only(livox_ros_driver2)
[17.395s] Level 1:colcon.colcon_core.environment:checking '/home/gengruiliu/livox_ros_driver2/install/livox_ros_driver2' for CMake module files
[17.395s] Level 1:colcon.colcon_core.environment:checking '/home/gengruiliu/livox_ros_driver2/install/livox_ros_driver2' for CMake config files
[17.395s] Level 1:colcon.colcon_core.shell:create_environment_hook('livox_ros_driver2', 'cmake_prefix_path')
[17.396s] INFO:colcon.colcon_core.shell:Creating environment hook '/home/gengruiliu/livox_ros_driver2/install/livox_ros_driver2/share/livox_ros_driver2/hook/cmake_prefix_path.ps1'
[17.396s] INFO:colcon.colcon_core.shell:Creating environment descriptor '/home/gengruiliu/livox_ros_driver2/install/livox_ros_driver2/share/livox_ros_driver2/hook/cmake_prefix_path.dsv'
[17.396s] INFO:colcon.colcon_core.shell:Creating environment hook '/home/gengruiliu/livox_ros_driver2/install/livox_ros_driver2/share/livox_ros_driver2/hook/cmake_prefix_path.sh'
[17.397s] Level 1:colcon.colcon_core.environment:checking '/home/gengruiliu/livox_ros_driver2/install/livox_ros_driver2/lib'
[17.397s] Level 1:colcon.colcon_core.shell:create_environment_hook('livox_ros_driver2', 'ld_library_path_lib')
[17.397s] INFO:colcon.colcon_core.shell:Creating environment hook '/home/gengruiliu/livox_ros_driver2/install/livox_ros_driver2/share/livox_ros_driver2/hook/ld_library_path_lib.ps1'
[17.397s] INFO:colcon.colcon_core.shell:Creating environment descriptor '/home/gengruiliu/livox_ros_driver2/install/livox_ros_driver2/share/livox_ros_driver2/hook/ld_library_path_lib.dsv'
[17.397s] INFO:colcon.colcon_core.shell:Creating environment hook '/home/gengruiliu/livox_ros_driver2/install/livox_ros_driver2/share/livox_ros_driver2/hook/ld_library_path_lib.sh'
[17.398s] Level 1:colcon.colcon_core.environment:checking '/home/gengruiliu/livox_ros_driver2/install/livox_ros_driver2/bin'
[17.398s] Level 1:colcon.colcon_core.environment:checking '/home/gengruiliu/livox_ros_driver2/install/livox_ros_driver2/lib/pkgconfig/livox_ros_driver2.pc'
[17.398s] Level 1:colcon.colcon_core.environment:checking '/home/gengruiliu/livox_ros_driver2/install/livox_ros_driver2/lib/python3.10/site-packages'
[17.398s] Level 1:colcon.colcon_core.environment:checking '/home/gengruiliu/livox_ros_driver2/install/livox_ros_driver2/bin'
[17.398s] INFO:colcon.colcon_core.shell:Creating package script '/home/gengruiliu/livox_ros_driver2/install/livox_ros_driver2/share/livox_ros_driver2/package.ps1'
[17.399s] INFO:colcon.colcon_core.shell:Creating package descriptor '/home/gengruiliu/livox_ros_driver2/install/livox_ros_driver2/share/livox_ros_driver2/package.dsv'
[17.399s] INFO:colcon.colcon_core.shell:Creating package script '/home/gengruiliu/livox_ros_driver2/install/livox_ros_driver2/share/livox_ros_driver2/package.sh'
[17.399s] INFO:colcon.colcon_core.shell:Creating package script '/home/gengruiliu/livox_ros_driver2/install/livox_ros_driver2/share/livox_ros_driver2/package.bash'
[17.399s] INFO:colcon.colcon_core.shell:Creating package script '/home/gengruiliu/livox_ros_driver2/install/livox_ros_driver2/share/livox_ros_driver2/package.zsh'
[17.400s] Level 1:colcon.colcon_core.environment:create_file_with_runtime_dependencies(/home/gengruiliu/livox_ros_driver2/install/livox_ros_driver2/share/colcon-core/packages/livox_ros_driver2)
[17.400s] DEBUG:colcon.colcon_parallel_executor.executor.parallel:closing loop
[17.400s] DEBUG:colcon.colcon_parallel_executor.executor.parallel:loop closed
[17.400s] DEBUG:colcon.colcon_parallel_executor.executor.parallel:run_until_complete finished with '0'
[17.400s] DEBUG:colcon.colcon_core.event_reactor:joining thread
[17.405s] INFO:colcon.colcon_core.plugin_system:Skipping extension 'colcon_notification.desktop_notification.terminal_notifier': Not used on non-Darwin systems
[17.405s] INFO:colcon.colcon_core.plugin_system:Skipping extension 'colcon_notification.desktop_notification.win32': Not used on non-Windows systems
[17.405s] INFO:colcon.colcon_notification.desktop_notification:Sending desktop notification using 'notify2'
[17.415s] DEBUG:colcon.colcon_core.event_reactor:joined thread
[17.416s] INFO:colcon.colcon_core.shell:Creating prefix script '/home/gengruiliu/livox_ros_driver2/install/local_setup.ps1'
[17.418s] INFO:colcon.colcon_core.shell:Creating prefix util module '/home/gengruiliu/livox_ros_driver2/install/_local_setup_util_ps1.py'
[17.420s] INFO:colcon.colcon_core.shell:Creating prefix chain script '/home/gengruiliu/livox_ros_driver2/install/setup.ps1'
[17.421s] INFO:colcon.colcon_core.shell:Creating prefix script '/home/gengruiliu/livox_ros_driver2/install/local_setup.sh'
[17.422s] INFO:colcon.colcon_core.shell:Creating prefix util module '/home/gengruiliu/livox_ros_driver2/install/_local_setup_util_sh.py'
[17.423s] INFO:colcon.colcon_core.shell:Creating prefix chain script '/home/gengruiliu/livox_ros_driver2/install/setup.sh'
[17.424s] INFO:colcon.colcon_core.shell:Creating prefix script '/home/gengruiliu/livox_ros_driver2/install/local_setup.bash'
[17.425s] INFO:colcon.colcon_core.shell:Creating prefix chain script '/home/gengruiliu/livox_ros_driver2/install/setup.bash'
[17.426s] INFO:colcon.colcon_core.shell:Creating prefix script '/home/gengruiliu/livox_ros_driver2/install/local_setup.zsh'
[17.426s] INFO:colcon.colcon_core.shell:Creating prefix chain script '/home/gengruiliu/livox_ros_driver2/install/setup.zsh'
